
> eo-analyst-e2e@1.0.0 test
> playwright test


Running 166 tests using 1 worker

  ok   1 [desktop-1440x900] › tests\00-navigation.spec.ts:23:7 › Navigation rail › every nav link routes and updates the page heading (1.3s)
  ok   2 [desktop-1440x900] › tests\00-navigation.spec.ts:38:7 › Navigation rail › active nav link is highlighted with aria-current (662ms)
  ok   3 [desktop-1440x900] › tests\00-navigation.spec.ts:48:7 › Navigation rail › browser back navigates to the previous screen (729ms)
  ok   4 [desktop-1440x900] › tests\00-navigation.spec.ts:64:7 › Navigation rail › app shell is RTL (588ms)
  ok   5 [desktop-1440x900] › tests\00-navigation.spec.ts:72:7 › Navigation rail › no page-level horizontal scroll on the shell (570ms)
  ok   6 [desktop-1440x900] › tests\01-morning.spec.ts:5:7 › Morning screen (/) › tiles render real numbers, empty states are Hebrew, no bad literal text, no console errors (561ms)
  ok   7 [desktop-1440x900] › tests\01-morning.spec.ts:42:7 › Morning screen (/) › open points (if any) render inline one-click answer options with Hebrew text (590ms)
  ok   8 [desktop-1440x900] › tests\01-morning.spec.ts:54:7 › Morning screen (/) › headlines (if any) deep-link into the feed for the right item (600ms)
  ok   9 [desktop-1440x900] › tests\01-morning.spec.ts:68:7 › Morning screen (/) › "פתח דוח docx" download link (if a report exists) points at the docx file endpoint (671ms)
  ok  10 [desktop-1440x900] › tests\02-feed.spec.ts:7:7 › Feed screen (/feed) › rows render and any displayed item-count reflects the API total (654ms)
  ok  11 [desktop-1440x900] › tests\02-feed.spec.ts:52:7 › Feed screen (/feed) › scrolling / "טען עוד" loads more rows until all are shown or ≥ 200 rows are loaded (2.5s)
  ok  12 [desktop-1440x900] › tests\02-feed.spec.ts:105:7 › Feed screen (/feed) › every row's title link (where present) has an http(s) href and target=_blank (1.1s)
  ok  13 [desktop-1440x900] › tests\02-feed.spec.ts:135:7 › Feed screen (/feed) › level filter narrows the list to only the selected level(s) (1.0s)
  ok  14 [desktop-1440x900] › tests\02-feed.spec.ts:162:7 › Feed screen (/feed) › free-text search narrows the list (1.2s)
  ok  15 [desktop-1440x900] › tests\02-feed.spec.ts:176:7 › Feed screen (/feed) › domain filter changes the query (1.1s)
  ok  16 [desktop-1440x900] › tests\02-feed.spec.ts:194:7 › Feed screen (/feed) › keyboard: J/K move selection, Enter navigates to the item's full page (/items/:id) (1.1s)
  ok  17 [desktop-1440x900] › tests\02-feed.spec.ts:225:7 › Feed screen (/feed) › double-clicking a row opens the inline detail panel (without navigating away) (842ms)
  ok  18 [desktop-1440x900] › tests\02-feed.spec.ts:235:7 › Feed screen (/feed) › keyboard: 1-4 re-rates the selected row via POST /api/items/{id}/feedback (664ms)
  ok  19 [desktop-1440x900] › tests\02-feed.spec.ts:262:7 › Feed screen (/feed) › "O" opens the source in a new tab/popup (1.7s)
  ok  20 [desktop-1440x900] › tests\02-feed.spec.ts:293:7 › Feed screen (/feed) › detail panel never renders blank: shows a summary or an explicit "not yet summarized" state (1.5s)
  ok  21 [desktop-1440x900] › tests\02-feed.spec.ts:322:7 › Feed screen (/feed) › no bad literal text values render anywhere on the feed screen (650ms)
  ok  22 [desktop-1440x900] › tests\03-item-detail.spec.ts:7:7 › Item detail page (/items/:id) › fields render and entity chips link to /entities/:id (705ms)
  ok  23 [desktop-1440x900] › tests\03-item-detail.spec.ts:28:7 › Item detail page (/items/:id) › entity chips (when the item mentions a tracked entity) link to /entities/:id (855ms)
  ok  24 [desktop-1440x900] › tests\03-item-detail.spec.ts:55:7 › Item detail page (/items/:id) › no bad literal text values render on the item page (603ms)
  ok  25 [desktop-1440x900] › tests\03-item-detail.spec.ts:62:7 › Item detail page (/items/:id) › an unknown item id shows an explicit not-found error state, not a crash (1.8s)
  ok  26 [desktop-1440x900] › tests\04-entities.spec.ts:5:7 › Entities screens (/entities, /entities/:id) › searching "Elbit" returns matching rows (1.2s)
  ok  27 [desktop-1440x900] › tests\04-entities.spec.ts:21:7 › Entities screens (/entities, /entities/:id) › entity detail page shows a timeline section and a Cytoscape graph canvas (2.1s)
  ok  28 [desktop-1440x900] › tests\04-entities.spec.ts:40:7 › Entities screens (/entities, /entities/:id) › named-query buttons respond without an error toast/alert (2.9s)
  ok  29 [desktop-1440x900] › tests\04-entities.spec.ts:72:7 › Entities screens (/entities, /entities/:id) › no bad literal text on the entities list or an entity detail page (1.2s)
  ok  30 [desktop-1440x900] › tests\05-investigations.spec.ts:7:7 › Investigations screens (/investigations, /investigations/:jobId) › table rows render for each investigation (689ms)
  ok  31 [desktop-1440x900] › tests\05-investigations.spec.ts:17:7 › Investigations screens (/investigations, /investigations/:jobId) › detail page shows log rows and the final answer (when done), stop button while running (678ms)
  ok  32 [desktop-1440x900] › tests\05-investigations.spec.ts:56:7 › Investigations screens (/investigations, /investigations/:jobId) › no bad literal text on investigations list/detail (619ms)
  ok  33 [desktop-1440x900] › tests\06-ask.spec.ts:4:7 › Ask the analyst (/ask) › sending a question produces a streaming response or an explicit error within 120s (never a silent hang) (1.4m)
  ok  34 [desktop-1440x900] › tests\06-ask.spec.ts:49:7 › Ask the analyst (/ask) › empty state renders explanatory Hebrew text before any question is sent (600ms)
  ok  35 [desktop-1440x900] › tests\07-conferences.spec.ts:5:7 › Conferences screen (/conferences) › table has at least 10 rows (627ms)
  x   36 [desktop-1440x900] › tests\07-conferences.spec.ts:17:7 › Conferences screen (/conferences) › each row has an outbound link (href http) or a clearly labeled "אין קישור" — never a silent blank (1.1s)
  ok  37 [desktop-1440x900] › tests\07-conferences.spec.ts:64:7 › Conferences screen (/conferences) › clicking a row expands details (if the feature exists); clicking again collapses (811ms)
  ok  38 [desktop-1440x900] › tests\07-conferences.spec.ts:89:7 › Conferences screen (/conferences) › iCal export (top-level) downloads text/calendar (686ms)
  ok  39 [desktop-1440x900] › tests\07-conferences.spec.ts:104:7 › Conferences screen (/conferences) › per-row "הוסף ליומן" triggers a real .ics file download (if the control exists) (680ms)
  ok  40 [desktop-1440x900] › tests\07-conferences.spec.ts:128:7 › Conferences screen (/conferences) › no bad literal text on the conferences screen (650ms)
  ok  41 [desktop-1440x900] › tests\08-inbox.spec.ts:5:7 › Inbox screen (/inbox) › survey renders its questions, answering a scale question and submitting fires POST /api/surveys/* (630ms)
  ok  42 [desktop-1440x900] › tests\08-inbox.spec.ts:42:7 › Inbox screen (/inbox) › lessons list renders rows or an explicit empty state (641ms)
  ok  43 [desktop-1440x900] › tests\08-inbox.spec.ts:55:7 › Inbox screen (/inbox) › clarifications section renders open questions or the explicit empty state (628ms)
  ok  44 [desktop-1440x900] › tests\08-inbox.spec.ts:68:7 › Inbox screen (/inbox) › no bad literal text on the inbox screen (618ms)
  ok  45 [desktop-1440x900] › tests\09-reports.spec.ts:7:7 › Reports screen (/reports) › list renders rows or an explicit empty state (571ms)
  -   46 [desktop-1440x900] › tests\09-reports.spec.ts:19:7 › Reports screen (/reports) › selecting a report (if any exist) renders the HTML viewer and the docx/md download links respond 200
  ok  47 [desktop-1440x900] › tests\09-reports.spec.ts:43:7 › Reports screen (/reports) › no bad literal text on the reports screen (666ms)
  ok  48 [desktop-1440x900] › tests\10-settings.spec.ts:7:7 › Settings screen (/settings) › each YAML tab loads content (1.1s)
  ok  49 [desktop-1440x900] › tests\10-settings.spec.ts:22:7 › Settings screen (/settings) › a no-op save (writing the same YAML back) fires PUT and shows success or a validation error (703ms)
  ok  50 [desktop-1440x900] › tests\10-settings.spec.ts:61:7 › Settings screen (/settings) › jobs table renders rows or an explicit empty state, and mode toggle switches (712ms)
  ok  51 [desktop-1440x900] › tests\10-settings.spec.ts:81:7 › Settings screen (/settings) › no bad literal text on the settings screen (571ms)
  ok  52 [desktop-1440x900] › tests\11-status-strip.spec.ts:5:7 › Status strip (persistent footer) › connects over WS /ws/status and shows service dots + numeric VRAM/RAM readouts (5.5s)
