
Running 30 tests using 1 worker

  ok  1 [desktop-1440x900] › tests\02-feed.spec.ts:7:7 › Feed screen (/feed) › rows render and any displayed item-count reflects the API total (685ms)
  ok  2 [desktop-1440x900] › tests\02-feed.spec.ts:52:7 › Feed screen (/feed) › scrolling / "טען עוד" loads more rows until all are shown or ≥ 200 rows are loaded (2.5s)
  ok  3 [desktop-1440x900] › tests\02-feed.spec.ts:105:7 › Feed screen (/feed) › every row's title link (where present) has an http(s) href and target=_blank (947ms)
  ok  4 [desktop-1440x900] › tests\02-feed.spec.ts:135:7 › Feed screen (/feed) › level filter narrows the list to only the selected level(s) (1.2s)
  ok  5 [desktop-1440x900] › tests\02-feed.spec.ts:154:7 › Feed screen (/feed) › free-text search narrows the list (1.3s)
  ok  6 [desktop-1440x900] › tests\02-feed.spec.ts:168:7 › Feed screen (/feed) › domain filter changes the query (1.1s)
  x   7 [desktop-1440x900] › tests\02-feed.spec.ts:186:7 › Feed screen (/feed) › keyboard: J/K move selection, Enter opens the detail panel (11.1s)
  ok  8 [desktop-1440x900] › tests\02-feed.spec.ts:206:7 › Feed screen (/feed) › keyboard: 1-4 re-rates the selected row via POST /api/items/{id}/feedback (826ms)
  ok  9 [desktop-1440x900] › tests\02-feed.spec.ts:233:7 › Feed screen (/feed) › "O" opens the source in a new tab/popup (1.4s)
  x  10 [desktop-1440x900] › tests\02-feed.spec.ts:264:7 › Feed screen (/feed) › detail panel never renders blank: shows a summary or an explicit "not yet summarized" state (11.7s)
  ok 11 [desktop-1440x900] › tests\02-feed.spec.ts:292:7 › Feed screen (/feed) › no bad literal text values render anywhere on the feed screen (666ms)
  ok 12 [desktop-1440x900] › tests\03-item-detail.spec.ts:7:7 › Item detail page (/items/:id) › fields render and entity chips link to /entities/:id (598ms)
  ok 13 [desktop-1440x900] › tests\03-item-detail.spec.ts:28:7 › Item detail page (/items/:id) › entity chips (when the item mentions a tracked entity) link to /entities/:id (1.7s)
  ok 14 [desktop-1440x900] › tests\03-item-detail.spec.ts:55:7 › Item detail page (/items/:id) › no bad literal text values render on the item page (594ms)
  ok 15 [desktop-1440x900] › tests\03-item-detail.spec.ts:62:7 › Item detail page (/items/:id) › an unknown item id shows an explicit not-found error state, not a crash (1.8s)
  ok 16 [mobile-390x844] › tests\02-feed.spec.ts:7:7 › Feed screen (/feed) › rows render and any displayed item-count reflects the API total (612ms)
  ok 17 [mobile-390x844] › tests\02-feed.spec.ts:52:7 › Feed screen (/feed) › scrolling / "טען עוד" loads more rows until all are shown or ≥ 200 rows are loaded (2.5s)
  ok 18 [mobile-390x844] › tests\02-feed.spec.ts:105:7 › Feed screen (/feed) › every row's title link (where present) has an http(s) href and target=_blank (905ms)
  ok 19 [mobile-390x844] › tests\02-feed.spec.ts:135:7 › Feed screen (/feed) › level filter narrows the list to only the selected level(s) (1.1s)
  ok 20 [mobile-390x844] › tests\02-feed.spec.ts:154:7 › Feed screen (/feed) › free-text search narrows the list (1.2s)
  ok 21 [mobile-390x844] › tests\02-feed.spec.ts:168:7 › Feed screen (/feed) › domain filter changes the query (1.2s)
  x  22 [mobile-390x844] › tests\02-feed.spec.ts:186:7 › Feed screen (/feed) › keyboard: J/K move selection, Enter opens the detail panel (11.1s)
  ok 23 [mobile-390x844] › tests\02-feed.spec.ts:206:7 › Feed screen (/feed) › keyboard: 1-4 re-rates the selected row via POST /api/items/{id}/feedback (804ms)
  ok 24 [mobile-390x844] › tests\02-feed.spec.ts:233:7 › Feed screen (/feed) › "O" opens the source in a new tab/popup (1.1s)
  x  25 [mobile-390x844] › tests\02-feed.spec.ts:264:7 › Feed screen (/feed) › detail panel never renders blank: shows a summary or an explicit "not yet summarized" state (10.9s)
  ok 26 [mobile-390x844] › tests\02-feed.spec.ts:292:7 › Feed screen (/feed) › no bad literal text values render anywhere on the feed screen (624ms)
  ok 27 [mobile-390x844] › tests\03-item-detail.spec.ts:7:7 › Item detail page (/items/:id) › fields render and entity chips link to /entities/:id (550ms)
  ok 28 [mobile-390x844] › tests\03-item-detail.spec.ts:28:7 › Item detail page (/items/:id) › entity chips (when the item mentions a tracked entity) link to /entities/:id (1.4s)
  ok 29 [mobile-390x844] › tests\03-item-detail.spec.ts:55:7 › Item detail page (/items/:id) › no bad literal text values render on the item page (606ms)
  ok 30 [mobile-390x844] › tests\03-item-detail.spec.ts:62:7 › Item detail page (/items/:id) › an unknown item id shows an explicit not-found error state, not a crash (1.8s)


  1) [desktop-1440x900] › tests\02-feed.spec.ts:186:7 › Feed screen (/feed) › keyboard: J/K move selection, Enter opens the detail panel 

    Error: expect(locator).toBeVisible() failed

    Locator: locator('[data-testid="feed-detail-panel"]')
    Expected: visible
    Timeout: 10000ms
    Error: element(s) not found

    Call log:
      - Expect "toBeVisible" with timeout 10000ms
      - waiting for locator('[data-testid="feed-detail-panel"]')


      201 |
      202 |     await page.keyboard.press("Enter");
    > 203 |     await expect(page.locator('[data-testid="feed-detail-panel"]')).toBeVisible({ timeout: 10_000 });
          |                                                                     ^
      204 |   });
      205 |
      206 |   test("keyboard: 1-4 re-rates the selected row via POST /api/items/{id}/feedback", async ({ page }) => {
        at C:\Users\cohyo\Documents\EO-analyst\e2e\tests\02-feed.spec.ts:203:69

    attachment #1: screenshot (image/png) ──────────────────────────────────────────────────────────
    test-results\02-feed-Feed-screen-feed-k-8f0da-nter-opens-the-detail-panel-desktop-1440x900\test-failed-1.png
    ────────────────────────────────────────────────────────────────────────────────────────────────

    attachment #2: video (video/webm) ──────────────────────────────────────────────────────────────
    test-results\02-feed-Feed-screen-feed-k-8f0da-nter-opens-the-detail-panel-desktop-1440x900\video.webm
    ────────────────────────────────────────────────────────────────────────────────────────────────

    Error Context: test-results\02-feed-Feed-screen-feed-k-8f0da-nter-opens-the-detail-panel-desktop-1440x900\error-context.md

    attachment #4: trace (application/zip) ─────────────────────────────────────────────────────────
    test-results\02-feed-Feed-screen-feed-k-8f0da-nter-opens-the-detail-panel-desktop-1440x900\trace.zip
    Usage:

        npx playwright show-trace test-results\02-feed-Feed-screen-feed-k-8f0da-nter-opens-the-detail-panel-desktop-1440x900\trace.zip

    ────────────────────────────────────────────────────────────────────────────────────────────────

  2) [desktop-1440x900] › tests\02-feed.spec.ts:264:7 › Feed screen (/feed) › detail panel never renders blank: shows a summary or an explicit "not yet summarized" state 

    Error: expect(locator).toBeVisible() failed

    Locator: locator('[data-testid="feed-detail-panel"]')
    Expected: visible
    Timeout: 10000ms
    Error: element(s) not found

    Call log:
      - Expect "toBeVisible" with timeout 10000ms
      - waiting for locator('[data-testid="feed-detail-panel"]')


      272 |
      273 |     const panel = page.locator('[data-testid="feed-detail-panel"]');
    > 274 |     await expect(panel).toBeVisible({ timeout: 10_000 });
          |                         ^
      275 |
      276 |     // Panel must never be visually/semantically empty: it always has the
      277 |     // header (title) plus at least one of: a summary section, a triage
        at C:\Users\cohyo\Documents\EO-analyst\e2e\tests\02-feed.spec.ts:274:25

    attachment #1: screenshot (image/png) ──────────────────────────────────────────────────────────
    test-results\02-feed-Feed-screen-feed-d-5a3eb-it-not-yet-summarized-state-desktop-1440x900\test-failed-1.png
    ────────────────────────────────────────────────────────────────────────────────────────────────

    attachment #2: screenshot (image/png) ──────────────────────────────────────────────────────────
    test-results\02-feed-Feed-screen-feed-d-5a3eb-it-not-yet-summarized-state-desktop-1440x900\test-failed-2.png
    ────────────────────────────────────────────────────────────────────────────────────────────────

    attachment #3: video (video/webm) ──────────────────────────────────────────────────────────────
    test-results\02-feed-Feed-screen-feed-d-5a3eb-it-not-yet-summarized-state-desktop-1440x900\video.webm
    ────────────────────────────────────────────────────────────────────────────────────────────────

    attachment #4: video (video/webm) ──────────────────────────────────────────────────────────────
    test-results\02-feed-Feed-screen-feed-d-5a3eb-it-not-yet-summarized-state-desktop-1440x900\video-1.webm
    ────────────────────────────────────────────────────────────────────────────────────────────────

    Error Context: test-results\02-feed-Feed-screen-feed-d-5a3eb-it-not-yet-summarized-state-desktop-1440x900\error-context.md

    attachment #6: trace (application/zip) ─────────────────────────────────────────────────────────
    test-results\02-feed-Feed-screen-feed-d-5a3eb-it-not-yet-summarized-state-desktop-1440x900\trace.zip
    Usage:

        npx playwright show-trace test-results\02-feed-Feed-screen-feed-d-5a3eb-it-not-yet-summarized-state-desktop-1440x900\trace.zip

    ────────────────────────────────────────────────────────────────────────────────────────────────

  3) [mobile-390x844] › tests\02-feed.spec.ts:186:7 › Feed screen (/feed) › keyboard: J/K move selection, Enter opens the detail panel 

    Error: expect(locator).toBeVisible() failed

    Locator: locator('[data-testid="feed-detail-panel"]')
    Expected: visible
    Timeout: 10000ms
    Error: element(s) not found

    Call log:
      - Expect "toBeVisible" with timeout 10000ms
      - waiting for locator('[data-testid="feed-detail-panel"]')


      201 |
      202 |     await page.keyboard.press("Enter");
    > 203 |     await expect(page.locator('[data-testid="feed-detail-panel"]')).toBeVisible({ timeout: 10_000 });
          |                                                                     ^
      204 |   });
      205 |
      206 |   test("keyboard: 1-4 re-rates the selected row via POST /api/items/{id}/feedback", async ({ page }) => {
        at C:\Users\cohyo\Documents\EO-analyst\e2e\tests\02-feed.spec.ts:203:69

    attachment #1: screenshot (image/png) ──────────────────────────────────────────────────────────
    test-results\02-feed-Feed-screen-feed-k-8f0da-nter-opens-the-detail-panel-mobile-390x844\test-failed-1.png
    ────────────────────────────────────────────────────────────────────────────────────────────────

    attachment #2: video (video/webm) ──────────────────────────────────────────────────────────────
    test-results\02-feed-Feed-screen-feed-k-8f0da-nter-opens-the-detail-panel-mobile-390x844\video.webm
    ────────────────────────────────────────────────────────────────────────────────────────────────

    Error Context: test-results\02-feed-Feed-screen-feed-k-8f0da-nter-opens-the-detail-panel-mobile-390x844\error-context.md

    attachment #4: trace (application/zip) ─────────────────────────────────────────────────────────
    test-results\02-feed-Feed-screen-feed-k-8f0da-nter-opens-the-detail-panel-mobile-390x844\trace.zip
    Usage:

        npx playwright show-trace test-results\02-feed-Feed-screen-feed-k-8f0da-nter-opens-the-detail-panel-mobile-390x844\trace.zip

    ────────────────────────────────────────────────────────────────────────────────────────────────

  4) [mobile-390x844] › tests\02-feed.spec.ts:264:7 › Feed screen (/feed) › detail panel never renders blank: shows a summary or an explicit "not yet summarized" state 

    Error: expect(locator).toBeVisible() failed

    Locator: locator('[data-testid="feed-detail-panel"]')
    Expected: visible
    Timeout: 10000ms
    Error: element(s) not found

    Call log:
      - Expect "toBeVisible" with timeout 10000ms
      - waiting for locator('[data-testid="feed-detail-panel"]')


      272 |
      273 |     const panel = page.locator('[data-testid="feed-detail-panel"]');
    > 274 |     await expect(panel).toBeVisible({ timeout: 10_000 });
          |                         ^
      275 |
      276 |     // Panel must never be visually/semantically empty: it always has the
      277 |     // header (title) plus at least one of: a summary section, a triage
        at C:\Users\cohyo\Documents\EO-analyst\e2e\tests\02-feed.spec.ts:274:25

    attachment #1: screenshot (image/png) ──────────────────────────────────────────────────────────
    test-results\02-feed-Feed-screen-feed-d-5a3eb-it-not-yet-summarized-state-mobile-390x844\test-failed-1.png
    ────────────────────────────────────────────────────────────────────────────────────────────────

    attachment #2: video (video/webm) ──────────────────────────────────────────────────────────────
    test-results\02-feed-Feed-screen-feed-d-5a3eb-it-not-yet-summarized-state-mobile-390x844\video.webm
    ────────────────────────────────────────────────────────────────────────────────────────────────

    Error Context: test-results\02-feed-Feed-screen-feed-d-5a3eb-it-not-yet-summarized-state-mobile-390x844\error-context.md

    attachment #4: trace (application/zip) ─────────────────────────────────────────────────────────
    test-results\02-feed-Feed-screen-feed-d-5a3eb-it-not-yet-summarized-state-mobile-390x844\trace.zip
    Usage:

        npx playwright show-trace test-results\02-feed-Feed-screen-feed-d-5a3eb-it-not-yet-summarized-state-mobile-390x844\trace.zip

    ────────────────────────────────────────────────────────────────────────────────────────────────

  4 failed
    [desktop-1440x900] › tests\02-feed.spec.ts:186:7 › Feed screen (/feed) › keyboard: J/K move selection, Enter opens the detail panel 
    [desktop-1440x900] › tests\02-feed.spec.ts:264:7 › Feed screen (/feed) › detail panel never renders blank: shows a summary or an explicit "not yet summarized" state 
    [mobile-390x844] › tests\02-feed.spec.ts:186:7 › Feed screen (/feed) › keyboard: J/K move selection, Enter opens the detail panel 
    [mobile-390x844] › tests\02-feed.spec.ts:264:7 › Feed screen (/feed) › detail panel never renders blank: shows a summary or an explicit "not yet summarized" state 
  26 passed (1.3m)
